I'm sorry, but errors were detected in your script. Please correct the
errors listed below, and try again.


File "game/script.rpy", line 134: end of line expected.
    show hero_poczatek at left easeoutleft
                               ^

Ren'Py Version: Ren'Py 8.4.1.25072401
Tue Jan  6 22:13:33 2026
